// Jest Snapshot v1, https://goo.gl/fbAQLP

exports[`Given <App /> When initializes Then should match the snapshot 1`] = `
<div>
  <div
    class="App"
  />
</div>
`;
